This is XeTeX, Version 3.141592653-2.6-0.999996 (TeX Live 2025/dev/Debian) (preloaded format=xelatex)
 restricted \write18 enabled.
entering extended mode
(./manuscript.tex
LaTeX2e <2024-11-01> patch level 2
L3 programming layer <2025-01-18>
(/usr/share/texlive/texmf-dist/tex/latex/base/article.cls
Document Class: article 2024/06/29 v1.4n Standard LaTeX document class
(/usr/share/texlive/texmf-dist/tex/latex/base/size10.clo))
(/usr/share/texlive/texmf-dist/tex/latex/amsmath/amsmath.sty
For additional information on amsmath, use the `?' option.
(/usr/share/texlive/texmf-dist/tex/latex/amsmath/amstext.sty
(/usr/share/texlive/texmf-dist/tex/latex/amsmath/amsgen.sty))
(/usr/share/texlive/texmf-dist/tex/latex/amsmath/amsbsy.sty)
(/usr/share/texlive/texmf-dist/tex/latex/amsmath/amsopn.sty))
(/usr/share/texlive/texmf-dist/tex/latex/amsfonts/amssymb.sty
(/usr/share/texlive/texmf-dist/tex/latex/amsfonts/amsfonts.sty))
(/usr/share/texlive/texmf-dist/tex/generic/iftex/iftex.sty)
(/usr/share/texlive/texmf-dist/tex/latex/unicode-math/unicode-math.sty
(/usr/share/texlive/texmf-dist/tex/latex/l3kernel/expl3.sty
(/usr/share/texlive/texmf-dist/tex/latex/l3backend/l3backend-xetex.def))
(/usr/share/texlive/texmf-dist/tex/latex/unicode-math/unicode-math-xetex.sty
(/usr/share/texlive/texmf-dist/tex/latex/l3packages/xparse/xparse.sty)
(/usr/share/texlive/texmf-dist/tex/latex/l3packages/l3keys2e/l3keys2e.sty)
(/usr/share/texlive/texmf-dist/tex/latex/fontspec/fontspec.sty
(/usr/share/texlive/texmf-dist/tex/latex/fontspec/fontspec-xetex.sty
(/usr/share/texlive/texmf-dist/tex/latex/base/fontenc.sty)
(/usr/share/texlive/texmf-dist/tex/latex/fontspec/fontspec.cfg)))
(/usr/share/texlive/texmf-dist/tex/latex/base/fix-cm.sty
(/usr/share/texlive/texmf-dist/tex/latex/base/ts1enc.def))
(/usr/share/texlive/texmf-dist/tex/latex/unicode-math/unicode-math-table.tex)))
(/usr/share/texmf/tex/latex/lm/lmodern.sty)
(/usr/share/texlive/texmf-dist/tex/latex/upquote/upquote.sty
(/usr/share/texlive/texmf-dist/tex/latex/base/textcomp.sty))
(/usr/share/texlive/texmf-dist/tex/latex/microtype/microtype.sty
(/usr/share/texlive/texmf-dist/tex/latex/graphics/keyval.sty)
(/usr/share/texlive/texmf-dist/tex/latex/etoolbox/etoolbox.sty)
(/usr/share/texlive/texmf-dist/tex/latex/microtype/microtype-xetex.def)
(/usr/share/texlive/texmf-dist/tex/latex/microtype/microtype.cfg))
(/usr/share/texlive/texmf-dist/tex/latex/parskip/parskip.sty
(/usr/share/texlive/texmf-dist/tex/latex/kvoptions/kvoptions.sty
(/usr/share/texlive/texmf-dist/tex/generic/ltxcmds/ltxcmds.sty)
(/usr/share/texlive/texmf-dist/tex/latex/kvsetkeys/kvsetkeys.sty)))
(/usr/share/texlive/texmf-dist/tex/latex/xcolor/xcolor.sty
(/usr/share/texlive/texmf-dist/tex/latex/graphics-cfg/color.cfg)
(/usr/share/texlive/texmf-dist/tex/latex/graphics-def/xetex.def)
(/usr/share/texlive/texmf-dist/tex/latex/graphics/mathcolor.ltx))
(/usr/share/texlive/texmf-dist/tex/latex/geometry/geometry.sty
(/usr/share/texlive/texmf-dist/tex/generic/iftex/ifvtex.sty))
(/usr/share/texlive/texmf-dist/tex/latex/tools/longtable.sty)
(/usr/share/texlive/texmf-dist/tex/latex/booktabs/booktabs.sty)
(/usr/share/texlive/texmf-dist/tex/latex/tools/array.sty)
(/usr/share/texlive/texmf-dist/tex/latex/multirow/multirow.sty)
(/usr/share/texlive/texmf-dist/tex/latex/tools/calc.sty)
(/usr/share/texlive/texmf-dist/tex/latex/footnotehyper/footnotehyper.sty)
(/usr/share/texlive/texmf-dist/tex/latex/graphics/graphicx.sty
(/usr/share/texlive/texmf-dist/tex/latex/graphics/graphics.sty
(/usr/share/texlive/texmf-dist/tex/latex/graphics/trig.sty)
(/usr/share/texlive/texmf-dist/tex/latex/graphics-cfg/graphics.cfg)))
(/usr/share/texlive/texmf-dist/tex/generic/soul/soul.sty
(/usr/share/texlive/texmf-dist/tex/generic/soul/soul-ori.sty)
(/usr/share/texlive/texmf-dist/tex/generic/infwarerr/infwarerr.sty)
(/usr/share/texlive/texmf-dist/tex/generic/etexcmds/etexcmds.sty))
(/usr/share/texlive/texmf-dist/tex/latex/bookmark/bookmark.sty
(/usr/share/texlive/texmf-dist/tex/latex/hyperref/hyperref.sty
(/usr/share/texlive/texmf-dist/tex/generic/kvdefinekeys/kvdefinekeys.sty)
(/usr/share/texlive/texmf-dist/tex/generic/pdfescape/pdfescape.sty
(/usr/share/texlive/texmf-dist/tex/generic/pdftexcmds/pdftexcmds.sty))
(/usr/share/texlive/texmf-dist/tex/latex/hycolor/hycolor.sty)
(/usr/share/texlive/texmf-dist/tex/latex/hyperref/nameref.sty
(/usr/share/texlive/texmf-dist/tex/latex/refcount/refcount.sty)
(/usr/share/texlive/texmf-dist/tex/generic/gettitlestring/gettitlestring.sty))
(/usr/share/texlive/texmf-dist/tex/generic/stringenc/stringenc.sty)
(/usr/share/texlive/texmf-dist/tex/latex/hyperref/pd1enc.def)
(/usr/share/texlive/texmf-dist/tex/generic/intcalc/intcalc.sty)
(/usr/share/texlive/texmf-dist/tex/latex/hyperref/puenc.def)
(/usr/share/texlive/texmf-dist/tex/latex/url/url.sty)
(/usr/share/texlive/texmf-dist/tex/generic/bitset/bitset.sty
(/usr/share/texlive/texmf-dist/tex/generic/bigintcalc/bigintcalc.sty))
(/usr/share/texlive/texmf-dist/tex/latex/base/atbegshi-ltx.sty))
(/usr/share/texlive/texmf-dist/tex/latex/hyperref/hxetex.def
(/usr/share/texlive/texmf-dist/tex/latex/rerunfilecheck/rerunfilecheck.sty
(/usr/share/texlive/texmf-dist/tex/latex/base/atveryend-ltx.sty)
(/usr/share/texlive/texmf-dist/tex/generic/uniquecounter/uniquecounter.sty)))
(/usr/share/texlive/texmf-dist/tex/latex/bookmark/bkm-dvipdfm.def))
(/usr/share/texlive/texmf-dist/tex/latex/xurl/xurl.sty) (./manuscript.aux)
(/usr/share/texlive/texmf-dist/tex/latex/microtype/mt-LatinModernRoman.cfg)
*geometry* driver: auto-detecting
*geometry* detected driver: xetex

Package hyperref Warning: Rerun to get /PageLabels entry.


[1]
Overfull \hbox (3.14871pt too wide) in paragraph at lines 254--255
[]\TU/lmr/bx/n/10 Epoch  

Overfull \hbox (3.08171pt too wide) in paragraph at lines 338--339
[]\TU/lmr/bx/n/10 Epoch  

[2]
[3]
[4]
Missing character: There is no ∈ (U+2208) in font [lmroman10-regular]:mapping=t
ex-text;!

[5]
Missing character: There is no μ (U+03BC) in font [lmroman10-italic]:mapping=te
x-text;!
Missing character: There is no σ (U+03C3) in font [lmroman10-italic]:mapping=te
x-text;!
Missing character: There is no μ (U+03BC) in font [lmroman10-italic]:mapping=te
x-text;!
Missing character: There is no σ (U+03C3) in font [lmroman10-italic]:mapping=te
x-text;!
Missing character: There is no γ (U+03B3) in font [lmroman10-italic]:mapping=te
x-text;!
Missing character: There is no ⊙ (U+2299) in font [lmroman10-italic]:mapping=te
x-text;!

[6]
Missing character: There is no γ (U+03B3) in font [lmroman10-italic]:mapping=te
x-text;!
Missing character: There is no γ (U+03B3) in font [lmroman10-regular]:mapping=t
ex-text;!
Missing character: There is no ∈ (U+2208) in font [lmroman10-regular]:mapping=t
ex-text;!
Missing character: There is no ∈ (U+2208) in font [lmroman10-italic]:mapping=te
x-text;!
Missing character: There is no γ (U+03B3) in font [lmroman10-italic]:mapping=te
x-text;!
Missing character: There is no γ (U+03B3) in font [lmroman10-regular]:mapping=t
ex-text;!
Missing character: There is no ⊙ (U+2299) in font [lmroman10-italic]:mapping=te
x-text;!

[7]
Missing character: There is no ⊙ (U+2299) in font [lmroman10-italic]:mapping=te
x-text;!

[8]
Missing character: There is no $\lambda$ (U+03BB) in font [lmroman10-italic]:mapping=te
x-text;!
Missing character: There is no $\lambda$ (U+03BB) in font [lmroman10-italic]:mapping=te
x-text;!
Missing character: There is no $\lambda$ (U+03BB) in font [lmroman10-italic]:mapping=te
x-text;!
Missing character: There is no $\lambda$ (U+03BB) in font [lmroman10-italic]:mapping=te
x-text;!
Missing character: There is no $\lambda$ (U+03BB) in font [lmroman10-italic]:mapping=te
x-text;!
Missing character: There is no $\lambda$ (U+03BB) in font [lmroman10-italic]:mapping=te
x-text;!
[9]
Missing character: There is no $\alpha$ (U+03B1) in font [lmroman10-regular]:mapping=t
ex-text;!
(/usr/share/texmf/tex/latex/lm/omllmm.fd)
(/usr/share/texlive/texmf-dist/tex/latex/amsfonts/umsa.fd)
(/usr/share/texlive/texmf-dist/tex/latex/microtype/mt-msa.cfg)
(/usr/share/texlive/texmf-dist/tex/latex/amsfonts/umsb.fd)
(/usr/share/texlive/texmf-dist/tex/latex/microtype/mt-msb.cfg)
Missing character: There is no $\alpha$ (U+03B1) in font [lmroman10-regular]:mapping=t
ex-text;!

[10]
Overfull \hbox (3.01471pt too wide) in paragraph at lines 1098--1099
[]\TU/lmr/bx/n/10 Epoch  

Overfull \hbox (1.96208pt too wide) in paragraph at lines 1150--1150
[]|\TU/lmr/m/n/10 Our9388|  
Missing character: There is no 𝛽 (U+1D6FD) in font [lmroman7-bold]:mapping=tex-
text;!
Missing character: There is no 𝛼 (U+1D6FC) in font [lmroman7-bold]:mapping=tex-
text;!
Missing character: There is no 𝜉 (U+1D709) in font [lmroman7-bold]:mapping=tex-
text;!
Missing character: There is no 𝜉 (U+1D709) in font [lmroman7-bold]:mapping=tex-
text;!
[11]
Missing character: There is no 𝛽 (U+1D6FD) in font [lmroman7-bold]:mapping=tex-
text;!
Missing character: There is no 𝛼 (U+1D6FC) in font [lmroman7-bold]:mapping=tex-
text;!
Missing character: There is no 𝜉 (U+1D709) in font [lmroman7-bold]:mapping=tex-
text;!
Missing character: There is no 𝜉 (U+1D709) in font [lmroman7-bold]:mapping=tex-
text;!
Missing character: There is no 𝛽 (U+1D6FD) in font [lmroman7-bold]:mapping=tex-
text;!
Missing character: There is no 𝛼 (U+1D6FC) in font [lmroman7-bold]:mapping=tex-
text;!
Missing character: There is no 𝜉 (U+1D709) in font [lmroman7-bold]:mapping=tex-
text;!
Missing character: There is no 𝜉 (U+1D709) in font [lmroman7-bold]:mapping=tex-
text;!
Missing character: There is no 𝛽 (U+1D6FD) in font [lmroman7-bold]:mapping=tex-
text;!
Missing character: There is no 𝛼 (U+1D6FC) in font [lmroman7-bold]:mapping=tex-
text;!
Missing character: There is no 𝜉 (U+1D709) in font [lmroman7-bold]:mapping=tex-
text;!
Missing character: There is no 𝜉 (U+1D709) in font [lmroman7-bold]:mapping=tex-
text;!

[12]
Missing character: There is no 𝛽 (U+1D6FD) in font [lmroman7-bold]:mapping=tex-
text;!
Missing character: There is no 𝛼 (U+1D6FC) in font [lmroman7-bold]:mapping=tex-
text;!
Missing character: There is no 𝜉 (U+1D709) in font [lmroman7-bold]:mapping=tex-
text;!
Missing character: There is no 𝜉 (U+1D709) in font [lmroman7-bold]:mapping=tex-
text;!

[13]
Missing character: There is no 𝛽 (U+1D6FD) in font [lmroman7-bold]:mapping=tex-
text;!
Missing character: There is no 𝛼 (U+1D6FC) in font [lmroman7-bold]:mapping=tex-
text;!
Missing character: There is no 𝜉 (U+1D709) in font [lmroman7-bold]:mapping=tex-
text;!
Missing character: There is no 𝜉 (U+1D709) in font [lmroman7-bold]:mapping=tex-
text;!
Missing character: There is no 𝛽 (U+1D6FD) in font [lmroman7-bold]:mapping=tex-
text;!
Missing character: There is no 𝛼 (U+1D6FC) in font [lmroman7-bold]:mapping=tex-
text;!
Missing character: There is no 𝜉 (U+1D709) in font [lmroman7-bold]:mapping=tex-
text;!
Missing character: There is no 𝜉 (U+1D709) in font [lmroman7-bold]:mapping=tex-
text;!
Missing character: There is no 𝛽 (U+1D6FD) in font [lmroman7-bold]:mapping=tex-
text;!
Missing character: There is no 𝛼 (U+1D6FC) in font [lmroman7-bold]:mapping=tex-
text;!
Missing character: There is no 𝜉 (U+1D709) in font [lmroman7-bold]:mapping=tex-
text;!
Missing character: There is no 𝜉 (U+1D709) in font [lmroman7-bold]:mapping=tex-
text;!
Missing character: There is no 𝛽 (U+1D6FD) in font [lmroman7-bold]:mapping=tex-
text;!
Missing character: There is no 𝛼 (U+1D6FC) in font [lmroman7-bold]:mapping=tex-
text;!
Missing character: There is no 𝜉 (U+1D709) in font [lmroman7-bold]:mapping=tex-
text;!
Missing character: There is no 𝜉 (U+1D709) in font [lmroman7-bold]:mapping=tex-
text;!
Missing character: There is no 𝛽 (U+1D6FD) in font [lmroman7-bold]:mapping=tex-
text;!
Missing character: There is no 𝛼 (U+1D6FC) in font [lmroman7-bold]:mapping=tex-
text;!
Missing character: There is no 𝜉 (U+1D709) in font [lmroman7-bold]:mapping=tex-
text;!
Missing character: There is no 𝜉 (U+1D709) in font [lmroman7-bold]:mapping=tex-
text;!
[14]
[15]
Underfull \hbox (badness 2384) in paragraph at lines 1730--1735
[]\TU/lmr/m/n/10 [ho-35] N. Tajbakhsh, S.R. Gurudu, J. Liang, Automated polyp d
etection in colonoscopy

[16]
Overfull \hbox (185.31169pt too wide) in paragraph at lines 1820--1821
[][] 

[17]
Missing character: There is no  (U+F0B7) in font [lmroman10-regular]:mapping=t
ex-text;!
Missing character: There is no  (U+F0B7) in font [lmroman10-regular]:mapping=t
ex-text;!
Missing character: There is no  (U+F0B7) in font [lmroman10-regular]:mapping=t
ex-text;!
Missing character: There is no  (U+F0B7) in font [lmroman10-regular]:mapping=t
ex-text;!

Overfull \hbox (201.12358pt too wide) in paragraph at lines 1832--1833
[][] 

Overfull \hbox (90.41432pt too wide) in paragraph at lines 1834--1835
[][] 

[18]
[19]
Overfull \hbox (186.80754pt too wide) in paragraph at lines 1838--1839
[][] 

[20]
[21] (./manuscript.aux)

LaTeX Warning: Label(s) may have changed. Rerun to get cross-references right.

 )
(see the transcript file for additional information)
Output written on manuscript.pdf (21 pages).
Transcript written on manuscript.log.
